WARNING: Building component "Node0" with no links assigned.
WARNING: Building component "Node1" with no links assigned.
Hello from Mercury!
Now I will sleep
Hello from Mercury!
Now I will sleep
I'm back!
Bye!
I'm back!
Bye!
Simulation is complete, simulated time: 0 s
